// Jest Snapshot v1, https://goo.gl/fbAQLP

exports[`Profile page should render correctly in mode 1`] = `
<ContextProvider
  value={
    Object {
      "store": Object {
        "clearActions": [Function],
        "dispatch": [Function],
        "getActions": [Function],
        "getState": [Function],
        "replaceReducer": [Function],
        "subscribe": [Function],
      },
      "subscription": Subscription {
        "handleChangeWrapper": [Function],
        "listeners": Object {
          "clear": [Function],
          "get": [Function],
          "notify": [Function],
          "subscribe": [Function],
        },
        "onStateChange": [Function],
        "parentSub": undefined,
        "store": Object {
          "clearActions": [Function],
          "dispatch": [Function],
          "getActions": [Function],
          "getState": [Function],
          "replaceReducer": [Function],
          "subscribe": [Function],
        },
        "unsubscribe": [Function],
      },
    }
  }
>
  <Connect(ProfilePage) />
</ContextProvider>
`;

exports[`Profile page should render correctly in mode 2`] = `
<div
  className="landing-page-container"
>
  <NHSHeader />
  <div
    className="col-md-6 col-md-offset-3"
  >
    <form
      name="form"
    >
      <div
        className="form-group"
      >
        <label
          htmlFor="firstName"
        >
          First Name
        </label>
        <input
          className="form-control"
          name="firstName"
          type="text"
          value="ss"
        />
      </div>
      <div
        className="form-group"
      >
        <label
          htmlFor="lastName"
        >
          Last Name
        </label>
        <input
          className="form-control"
          name="lastName"
          type="text"
          value=""
        />
      </div>
      <div
        className="form-group"
      >
        <label
          htmlFor="email"
        >
          Email 
        </label>
        <input
          className="form-control"
          name="email"
          type="text"
          value=""
        />
      </div>
      <div
        className="form-group"
      >
        <label
          htmlFor="postcode"
        >
          Postcode
        </label>
        <input
          className="form-control"
          name="postcode"
          type="text"
          value=""
        />
      </div>
      <div
        className="form-group"
      >
        <label
          htmlFor="telephone"
        >
          Telephone
        </label>
        <input
          className="form-control"
          name="telephone"
          type="text"
          value=""
        />
      </div>
      <div
        className="form-group"
      >
        <label
          htmlFor="service"
        >
          Service
        </label>
        <input
          className="form-control"
          name="service"
          type="text"
          value={null}
        />
      </div>
      <div
        className="form-group"
      >
        <Link
          className="btn btn-link"
          to="/landingpage"
        >
          Back
        </Link>
      </div>
    </form>
  </div>
  <NHSFooter />
</div>
`;
