// Jest Snapshot v1, https://goo.gl/fbAQLP

exports[`renders without crashing 1`] = `
<div
  id="page-container"
>
  <NHSHeader />
  <div
    className="SurveyResult"
  >
    <div
      className="surveyjs"
    >
      <Survey
        model={
          Object {
            "mode": "display",
            "showProgressBar": "",
          }
        }
      />
      <div>
         
        <Square
          title="Back"
          url="/landingpage"
        />
         
      </div>
    </div>
  </div>
  <NHSFooter />
</div>
`;
